// Jest Snapshot v1, https://goo.gl/fbAQLP

exports[`Delete Recipe Modal test suite should match component snapshot 1`] = `
<div
  className="modal fade text-dark"
  id="delete-recipe"
>
  <div
    className="modal-dialog"
    role="document"
  >
    <div
      className="modal-content"
    >
      <div
        className="modal-header"
      >
        <h5
          className="modal-title"
        >
          Message
        </h5>
        <button
          aria-label="Close"
          className="close"
          data-dismiss="modal"
          type="button"
        >
          <span
            aria-hidden="true"
          >
            Ã—
          </span>
        </button>
      </div>
      <div
        className="modal-body"
      >
        <p>
           Do you realy want to delete this Recipe?
        </p>
      </div>
      <div
        className="modal-footer"
      >
        <button
          className="btn btn-primary"
          data-dismiss="modal"
          id="delete"
          onClick={[Function]}
          type="button"
        >
          Yes Delete!
        </button>
        <button
          className="btn btn-secondary"
          data-dismiss="modal"
          type="button"
        >
          Cancel
        </button>
      </div>
    </div>
  </div>
</div>
`;
