// Jest Snapshot v1, https://goo.gl/fbAQLP

exports[`MyFavorite test suite should match component snapshot 1`] = `
<div>
  <nav
    className="navbar navbar-expand-md bg-dark navbar-dark fixed-top"
  >
    <div
      className="container"
    >
      <a
        className="navbar-brand"
        href="/"
        onClick={[Function]}
      >
        <h3
          id="logo"
        >
          More-Recipes
        </h3>
      </a>
      <button
        className="navbar-toggler"
        data-target="#navbarCollapse"
        data-toggle="collapse"
      >
        <span
          className="navbar-toggler-icon"
        />
      </button>
      <div
        className="collapse navbar-collapse"
        id="navbarCollapse"
      >
        <ul
          className="navbar-nav ml-auto"
        >
          <li
            className="nav-item"
          >
            <a
              className="nav-link"
              href="/"
              onClick={[Function]}
            >
              Home
            </a>
          </li>
        </ul>
      </div>
    </div>
  </nav>
  <header
    style={
      Object {
        "background": "#333333",
        "paddingTop": "67px",
      }
    }
  />
  <section
    className="d-flex flex-row align-items-center justify-content-center obj-color"
    style={
      Object {
        "height": "48vw",
        "width": "100vw",
      }
    }
  >
    <br />
    <div>
      <div
        className="loader"
      />
    </div>
  </section>
</div>
`;
